------------------------------------------------------------
Timing Analyzer Summary
------------------------------------------------------------

Type  : Slow 1100mV 85C Model Setup 'clk'
Slack : -0.845
TNS   : -6.898

Type  : Slow 1100mV 85C Model Hold 'clk'
Slack : 0.206
TNS   : 0.000

Type  : Slow 1100mV 85C Model Minimum Pulse Width 'clk'
Slack : -0.394
TNS   : -10.630

Type  : Slow 1100mV 0C Model Setup 'clk'
Slack : -0.923
TNS   : -6.622

Type  : Slow 1100mV 0C Model Hold 'clk'
Slack : 0.189
TNS   : 0.000

Type  : Slow 1100mV 0C Model Minimum Pulse Width 'clk'
Slack : -0.394
TNS   : -11.577

Type  : Fast 1100mV 85C Model Setup 'clk'
Slack : 0.001
TNS   : 0.000

Type  : Fast 1100mV 85C Model Hold 'clk'
Slack : 0.128
TNS   : 0.000

Type  : Fast 1100mV 85C Model Minimum Pulse Width 'clk'
Slack : -0.079
TNS   : -1.545

Type  : Fast 1100mV 0C Model Setup 'clk'
Slack : 0.025
TNS   : 0.000

Type  : Fast 1100mV 0C Model Hold 'clk'
Slack : 0.116
TNS   : 0.000

Type  : Fast 1100mV 0C Model Minimum Pulse Width 'clk'
Slack : -0.080
TNS   : -1.570

------------------------------------------------------------
